[web.cs.ucla.edu/classes/winter18/cs32/index.html]
[backblue.gif]
[fade.gif]
[index.html]
[web.cs.ucla.edu/classes/winter18/cs32/contents.html]
[web.cs.ucla.edu/classes/winter18/cs32/announcements.html]
[web.cs.ucla.edu/classes/winter18/cs32/index.html]
[web.cs.ucla.edu/classes/winter18/cs32/syllabus.html]
[web.cs.ucla.edu/classes/winter18/cs32/officehours.html]
[web.cs.ucla.edu/classes/winter18/cs32/requirements.html]
[web.cs.ucla.edu/classes/winter18/cs32/integrity.html]
[web.cs.ucla.edu/classes/winter18/cs32/Docs/agreement.pdf]
[web.cs.ucla.edu/classes/winter18/cs32/l2/index.html]
[web.cs.ucla.edu/classes/winter18/cs32/talinks.html]
[web.cs.ucla.edu/classes/winter18/cs32/Worksheets/index.html]
[web.cs.ucla.edu/classes/winter18/cs32/Projects/4/spec.html]
[web.cs.ucla.edu/classes/winter18/cs32/Projects/3/spec.html]
[web.cs.ucla.edu/classes/winter18/cs32/Projects/3/faq.html]
[web.cs.ucla.edu/classes/winter18/cs32/Projects/3/warmup.html]
[web.cs.ucla.edu/classes/winter18/cs32/Projects/2/spec.html]
[web.cs.ucla.edu/classes/winter18/cs32/Projects/2/faq.html]
[web.cs.ucla.edu/classes/winter18/cs32/Projects/1/spec.html]
[web.cs.ucla.edu/classes/winter18/cs32/Homeworks/5/spec.html]
[web.cs.ucla.edu/classes/winter18/cs32/Homeworks/4/spec.html]
[web.cs.ucla.edu/classes/winter18/cs32/Homeworks/3/spec.html]
[web.cs.ucla.edu/classes/winter18/cs32/Homeworks/2/spec.html]
[web.cs.ucla.edu/classes/winter18/cs32/Homeworks/1/spec.html]
[web.cs.ucla.edu/classes/winter18/cs32/Homeworks/1/faq.html]
[web.cs.ucla.edu/classes/winter18/cs32/solutions.html]
[web.cs.ucla.edu/classes/winter18/cs32/visualcpp.html]
[web.cs.ucla.edu/classes/winter18/cs32/xcode.html]
[web.cs.ucla.edu/classes/winter18/cs32/linux.html]
[web.cs.ucla.edu/classes/winter18/cs32/debuggertalk.pdf]
[web.cs.ucla.edu/classes/winter18/cs32/stringstreams.html]
[web.cs.ucla.edu/classes/winter18/cs32/contents.html]
[web.cs.ucla.edu/classes/winter18/cs32/fileio.html]
[web.cs.ucla.edu/classes/winter18/cs32/Sampleproblems/ChangFinalPractice.pdf]
[web.cs.ucla.edu/classes/winter18/cs32/Sampleproblems/ChangFinalPracticeSolution.pdf]
[web.cs.ucla.edu/classes/winter18/cs32/Sampleproblems/ChoiFinalPractice.pdf]
[web.cs.ucla.edu/classes/winter18/cs32/Sampleproblems/ChoiFinalPracticeSolution.pdf]
[web.cs.ucla.edu/classes/winter18/cs32/Projects/3/possible-design.html]
[web.cs.ucla.edu/classes/winter18/cs32/Projects/3/possible-Actor.h]
[web.cs.ucla.edu/classes/winter18/cs32/Projects/3/possible-StudentWorld.h]
[web.cs.ucla.edu/classes/winter18/cs32/Sampleproblems/ChangMidterm2Practice.pdf]
[web.cs.ucla.edu/classes/winter18/cs32/Sampleproblems/ChangMidterm2PracticeSolution.pdf]
[web.cs.ucla.edu/classes/winter18/cs32/Sampleproblems/ChoiMidterm2Practice.pdf]
[web.cs.ucla.edu/classes/winter18/cs32/Sampleproblems/ChoiMidterm2PracticeSolution.pdf]
[web.cs.ucla.edu/classes/winter18/cs32/collectexam9023.html]
[web.cs.ucla.edu/classes/winter18/cs32/lata.html]
[web.cs.ucla.edu/classes/winter18/cs32/Sampleproblems/ChangMidterm1Practice.pdf]
[web.cs.ucla.edu/classes/winter18/cs32/Sampleproblems/ChangMidterm1PracticeSolution.pdf]
[web.cs.ucla.edu/classes/winter18/cs32/Sampleproblems/ChoiMidterm1Practice.pdf]
[web.cs.ucla.edu/classes/winter18/cs32/Sampleproblems/ChoiMidterm1PracticeSolution.pdf]
[web.cs.ucla.edu/classes/winter18/cs32/collectexam17a2.html]
[web.cs.ucla.edu/classes/winter18/cs32/recordings.html]
[web.cs.ucla.edu/classes/winter18/cs32/Projects/1/cs31p7testing.html]
[web.cs.ucla.edu/classes/winter18/cs32/careyreader.html]
[web.cs.ucla.edu/classes/winter18/cs32/announcements.html]
[web.cs.ucla.edu/classes/winter18/cs32/l3/index.html]
[web.cs.ucla.edu/classes/winter18/cs32/syllabus.html]
[web.cs.ucla.edu/classes/winter18/cs32/officehours.html]
[web.cs.ucla.edu/classes/winter18/cs32/pseudocode.html]
[web.cs.ucla.edu/classes/winter18/cs32/requirements.html]
[web.cs.ucla.edu/classes/winter18/cs32/integrity.html]
[web.cs.ucla.edu/classes/winter18/cs32/l2/SupplementLinkedLists.pdf]
[web.cs.ucla.edu/classes/winter18/cs32/l2/Templates.pdf]
[web.cs.ucla.edu/classes/winter18/cs32/l2/STL.pdf]
[web.cs.ucla.edu/classes/winter18/cs32/l2/circle.txt]
[web.cs.ucla.edu/classes/winter18/cs32/l2/dependencies.txt]
[web.cs.ucla.edu/classes/winter18/cs32/l2/stickfig.txt]
[web.cs.ucla.edu/classes/winter18/cs32/l2/string.txt]
[web.cs.ucla.edu/classes/winter18/cs32/l2/shape.txt]
[web.cs.ucla.edu/classes/winter18/cs32/l2/Tracingsort.pptx]
[web.cs.ucla.edu/classes/winter18/cs32/l2/index.html]
[web.cs.ucla.edu/classes/winter18/cs32/talinks.html]
[web.cs.ucla.edu/classes/winter18/cs32/index-2.html]
[web.cs.ucla.edu/classes/winter18/cs32/Worksheets/01resmgmtlists.pdf]
[web.cs.ucla.edu/classes/winter18/cs32/Worksheets/01soln.pdf]
[web.cs.ucla.edu/classes/winter18/cs32/Worksheets/02stacksinheritance.pdf]
[web.cs.ucla.edu/classes/winter18/cs32/Worksheets/02soln.pdf]
[web.cs.ucla.edu/classes/winter18/cs32/Worksheets/03recursion.pdf]
[web.cs.ucla.edu/classes/winter18/cs32/Worksheets/03soln.pdf]
[web.cs.ucla.edu/classes/winter18/cs32/Worksheets/04templatesstl.pdf]
[web.cs.ucla.edu/classes/winter18/cs32/Worksheets/04soln.pdf]
[web.cs.ucla.edu/classes/winter18/cs32/Worksheets/05algotrees.pdf]
[web.cs.ucla.edu/classes/winter18/cs32/Worksheets/05soln.pdf]
[web.cs.ucla.edu/classes/winter18/cs32/Worksheets/06hashsortsheaps.pdf]
[web.cs.ucla.edu/classes/winter18/cs32/Worksheets/06soln.pdf]
[web.cs.ucla.edu/classes/winter18/cs32/Worksheets/index.html]
[web.cs.ucla.edu/classes/winter18/cs32/Projects/4/spec.pdf]
[web.cs.ucla.edu/classes/winter18/cs32/Homeworks/4/vcreleasemode.html]
[web.cs.ucla.edu/classes/winter18/cs32/Projects/4/p4sanity.zip]
[web.cs.ucla.edu/classes/winter18/cs32/Projects/4/testmessages.txt]
[web.cs.ucla.edu/classes/winter18/cs32/Projects/4/skeleton.zip]
[web.cs.ucla.edu/classes/winter18/cs32/Projects/4/substituteMyHash.h]
[web.cs.ucla.edu/classes/winter18/cs32/Projects/4/spec.html]
[web.cs.ucla.edu/classes/winter18/cs32/Projects/3/spec.pdf]
[web.cs.ucla.edu/classes/winter18/cs32/Projects/3/p3sanity.zip]
[web.cs.ucla.edu/classes/winter18/cs32/Projects/3/GraphObject.h]
[web.cs.ucla.edu/classes/winter18/cs32/Projects/3/SpriteManager.h]
[web.cs.ucla.edu/classes/winter18/cs32/Projects/3/GameController.cpp]
[web.cs.ucla.edu/classes/winter18/cs32/Projects/3/oldp3sanity.zip]
[web.cs.ucla.edu/classes/winter18/cs32/Projects/3/NachenBlaster-sample-windows.zip]
[web.cs.ucla.edu/classes/winter18/cs32/Projects/3/NachenBlaster-sample-mac.zip]
[web.cs.ucla.edu/classes/winter18/cs32/Projects/3/NachenBlaster-sample-linux.zip]
[web.cs.ucla.edu/classes/winter18/cs32/Projects/3/NachenBlaster-skeleton-windows.zip]
[web.cs.ucla.edu/classes/winter18/cs32/Projects/3/NachenBlaster-skeleton-mac.zip]
[web.cs.ucla.edu/classes/winter18/cs32/Projects/3/linux.html]
[web.cs.ucla.edu/classes/winter18/cs32/Projects/3/NachenBlaster-skeleton-macold.zip]
[web.cs.ucla.edu/classes/winter18/cs32/Projects/3/spec.html]
[web.cs.ucla.edu/classes/winter18/cs32/Projects/3/faq.html]
[web.cs.ucla.edu/classes/winter18/cs32/Projects/3/warmup.html]
[web.cs.ucla.edu/classes/winter18/cs32/Projects/2/spec.html]
[web.cs.ucla.edu/classes/winter18/cs32/Projects/2/memleak.cpp]
[web.cs.ucla.edu/classes/winter18/cs32/Projects/2/faq.html]
[web.cs.ucla.edu/classes/winter18/cs32/Projects/1/cs31p7spec.html]
[web.cs.ucla.edu/classes/winter18/cs32/Projects/1/cs31p7soln.cpp]
[web.cs.ucla.edu/classes/winter18/cs32/Projects/1/newgas.exe]
[web.cs.ucla.edu/classes/winter18/cs32/Projects/1/newgasmac.zip]
[web.cs.ucla.edu/classes/winter18/cs32/Projects/1/newminigas.exe]
[web.cs.ucla.edu/classes/winter18/cs32/Projects/1/newminigasmac.zip]
[web.cs.ucla.edu/classes/winter18/cs32/Projects/1/spec.html]
[web.cs.ucla.edu/classes/winter18/cs32/Homeworks/5/tree.gif]
[web.cs.ucla.edu/classes/winter18/cs32/Homeworks/5/spec.html]
[web.cs.ucla.edu/classes/winter18/cs32/Homeworks/4/Map.h]
[web.cs.ucla.edu/classes/winter18/cs32/Homeworks/4/Map.cpp]
[web.cs.ucla.edu/classes/winter18/cs32/Homeworks/4/sorts.cpp]
[web.cs.ucla.edu/classes/winter18/cs32/Homeworks/4/spec.html]
[web.cs.ucla.edu/classes/winter18/cs32/Homeworks/3/spec.html]
[web.cs.ucla.edu/classes/winter18/cs32/Homeworks/2/bookcode.html]
[web.cs.ucla.edu/classes/winter18/cs32/Homeworks/2/spec.html]
[web.cs.ucla.edu/classes/winter18/cs32/Homeworks/1/spec.html]
[web.cs.ucla.edu/classes/winter18/cs32/Homeworks/1/faq.html]
[web.cs.ucla.edu/classes/winter18/cs32/Projects/1/solution.html]
[web.cs.ucla.edu/classes/winter18/cs32/Projects/2/solution.html]
[web.cs.ucla.edu/classes/winter18/cs32/Projects/2/testing.html]
[web.cs.ucla.edu/classes/winter18/cs32/Homeworks/1/solution.html]
[web.cs.ucla.edu/classes/winter18/cs32/Homeworks/1/testing.html]
[web.cs.ucla.edu/classes/winter18/cs32/Homeworks/2/solution.html]
[web.cs.ucla.edu/classes/winter18/cs32/Homeworks/2/testing.html]
[web.cs.ucla.edu/classes/winter18/cs32/Homeworks/3/solution.html]
[web.cs.ucla.edu/classes/winter18/cs32/Homeworks/3/testing.html]
[web.cs.ucla.edu/classes/winter18/cs32/Homeworks/4/solution.html]
[web.cs.ucla.edu/classes/winter18/cs32/Homeworks/5/solution.html]
[web.cs.ucla.edu/classes/winter18/cs32/solutions.html]
[web.cs.ucla.edu/classes/winter18/cs32/Images/vsstart.png]
[web.cs.ucla.edu/classes/winter18/cs32/Images/vsnewproj.png]
[web.cs.ucla.edu/classes/winter18/cs32/Images/vsprojprop.png]
[web.cs.ucla.edu/classes/winter18/cs32/Images/vsadditem.png]
[web.cs.ucla.edu/classes/winter18/cs32/Images/vsadditemh.png]
[web.cs.ucla.edu/classes/winter18/cs32/visualcpp.html]
[web.cs.ucla.edu/classes/winter18/cs32/xcode.html]
[web.cs.ucla.edu/classes/winter18/cs32/linux.html]
[web.cs.ucla.edu/classes/winter18/cs32/stringstreams.html]
[web.cs.ucla.edu/classes/winter18/cs32/fileio.html]
[web.cs.ucla.edu/classes/winter18/cs32/Projects/3/possible-design.html]
[web.cs.ucla.edu/classes/winter18/cs32/collectexam9023.html]
[web.cs.ucla.edu/classes/winter18/cs32/lata.html]
[web.cs.ucla.edu/classes/winter18/cs32/collectexam17a2.html]
[web.cs.ucla.edu/classes/winter18/cs32/recordings.html]
[web.cs.ucla.edu/classes/winter18/cs32/Projects/1/cs31p7testing.html]
[web.cs.ucla.edu/classes/winter18/cs32/copymat.pdf]
[web.cs.ucla.edu/classes/winter18/cs32/careyreader.html]
[web.cs.ucla.edu/classes/winter18/cs32/l3/SupplementLinkedLists.pdf]
[web.cs.ucla.edu/classes/winter18/cs32/l3/Templates.pdf]
[web.cs.ucla.edu/classes/winter18/cs32/l3/STL.pdf]
[web.cs.ucla.edu/classes/winter18/cs32/l3/circle.txt]
[web.cs.ucla.edu/classes/winter18/cs32/l3/dependencies.txt]
[web.cs.ucla.edu/classes/winter18/cs32/l3/stickfig.txt]
[web.cs.ucla.edu/classes/winter18/cs32/l3/string.txt]
[web.cs.ucla.edu/classes/winter18/cs32/l3/shape.txt]
[web.cs.ucla.edu/classes/winter18/cs32/l3/Tracingsort.pptx]
[web.cs.ucla.edu/classes/winter18/cs32/l3/index.html]
[web.cs.ucla.edu/classes/winter18/cs32/pseudocode.html]
[web.cs.ucla.edu/classes/winter18/cs32/index-2.html]
[web.cs.ucla.edu/classes/winter18/cs32/Homeworks/4/vcreleasemode.html]
[web.cs.ucla.edu/classes/winter18/cs32/Projects/3/linux.html]
[web.cs.ucla.edu/classes/winter18/cs32/Projects/3/NachenBlaster-skeleton-linux.zip]
[web.cs.ucla.edu/classes/winter18/cs32/Projects/1/gas.exe]
[web.cs.ucla.edu/classes/winter18/cs32/Projects/1/gasmac.zip]
[web.cs.ucla.edu/classes/winter18/cs32/Projects/1/minigas.exe]
[web.cs.ucla.edu/classes/winter18/cs32/Projects/1/minigasmac.zip]
[web.cs.ucla.edu/classes/winter18/cs32/Projects/1/cs31p7spec.html]
[web.cs.ucla.edu/classes/winter18/cs32/Projects/1/newgas.html]
[web.cs.ucla.edu/classes/winter18/cs32/Projects/1/newminigas.html]
[web.cs.ucla.edu/classes/winter18/cs32/Homeworks/2/bookcode.html]
[web.cs.ucla.edu/classes/winter18/cs32/Projects/1/solution.html]
[web.cs.ucla.edu/classes/winter18/cs32/Projects/2/solution.html]
[web.cs.ucla.edu/classes/winter18/cs32/Projects/2/testing.html]
[web.cs.ucla.edu/classes/winter18/cs32/Homeworks/1/solution.html]
[web.cs.ucla.edu/classes/winter18/cs32/Homeworks/1/testing.html]
[web.cs.ucla.edu/classes/winter18/cs32/Homeworks/2/solution.html]
[web.cs.ucla.edu/classes/winter18/cs32/Homeworks/2/testing.html]
[web.cs.ucla.edu/classes/winter18/cs32/Homeworks/3/solution.html]
[web.cs.ucla.edu/classes/winter18/cs32/Homeworks/3/testing.html]
[web.cs.ucla.edu/classes/winter18/cs32/Homeworks/4/solution.html]
[web.cs.ucla.edu/classes/winter18/cs32/Homeworks/5/solution.html]
[web.cs.ucla.edu/classes/winter18/cs32/Projects/1/solution.zip]
[web.cs.ucla.edu/classes/winter18/cs32/Projects/1/gas.html]
[web.cs.ucla.edu/classes/winter18/cs32/Projects/1/minigas.html]
